====================================================================
  HARDEN TORCH (autograd)
====================================================================
Peripherique : cuda
GPU          : AMD Radeon RX 7800 XT
  [OK] kmnist-train-imgs.npz  shape=(60000, 28, 28)  dtype=uint8  ndim=3  valeurs 0-255
  [OK] kmnist-train-labels.npz  shape=(60000,)  dtype=uint8  ndim=1  valeurs 0-9
  [OK] kmnist-test-imgs.npz  shape=(10000, 28, 28)  dtype=uint8  ndim=3  valeurs 0-255
  [OK] kmnist-test-labels.npz  shape=(10000,)  dtype=uint8  ndim=1  valeurs 0-9
[OK] Donnees KMNIST deja presentes dans data/kmnist/
  [OK] kmnist-train-imgs.npz  shape=(60000, 28, 28)  dtype=uint8  ndim=3  valeurs 0-255
  [OK] kmnist-train-labels.npz  shape=(60000,)  dtype=uint8  ndim=1  valeurs 0-9
  [OK] kmnist-test-imgs.npz  shape=(10000, 28, 28)  dtype=uint8  ndim=3  valeurs 0-255
  [OK] kmnist-test-labels.npz  shape=(10000,)  dtype=uint8  ndim=1  valeurs 0-9
[OK] Donnees KMNIST deja presentes dans data/kmnist/
[DATA] 59000 train / 1000 val / 500 test
[LR] defaut pour pgdat -> lr 0.05
[AUG] rotation=12.0, translation=2, zoom=0.1, bruit_p=0.02, bruit_intensite=(0.5, 1.0), cutout=6, epaisseur=0.3, epaisseur_melange=0.6, prob=0.5
[CONF] attack=pgd steps=5 eps=0.3 loss=pgdat mix=0.5 lr=0.05 clip=1.0 batch=256 epochs=120 augment=True
[PLAN] curriculum deterministe : budget de 0.2,2 eps (pas fixe 0.0300 = 0.10 eps, donc 2 pas a l'epoch 1 -> 20 pas a la fin)
[MODEL] 421 642 parametres
[WARM] clean test : 98.60%
[OPT] momentum
  [LR] paliers aux epochs [60, 96]
  [PLAN] budget attaque interne -> 2 pas (0.20 eps)
  Epoch  1/120 | loss 0.4608 | CE propre 0.074 | CE adv 1.234 | attaque  35.2% | val clean 99.30% | val PGD10  1.00% |   0.1 min | reste ~   7 min
           [ALERTE] l'attaque interne ne trompe plus que 35% du batch adverse : la robustesse apprise est en train de disparaitre (voir memoire.md, 2026-09-12).
           -> meilleur modele sauvegarde (val PGD10 1.00%)
  Epoch  2/120 | loss 0.2709 | CE propre 0.069 | CE adv 0.674 | attaque  22.5% | val clean 99.10% | val PGD10  1.40% |   0.0 min | reste ~   5 min
           [ALERTE] l'attaque interne ne trompe plus que 23% du batch adverse : la robustesse apprise est en train de disparaitre (voir memoire.md, 2026-09-12).
           -> meilleur modele sauvegarde (val PGD10 1.40%)
  Epoch  3/120 | loss 0.2493 | CE propre 0.071 | CE adv 0.606 | attaque  20.6% | val clean 99.40% | val PGD10  0.70% |   0.0 min | reste ~   5 min
           [ALERTE] l'attaque interne ne trompe plus que 21% du batch adverse : la robustesse apprise est en train de disparaitre (voir memoire.md, 2026-09-12).
  Epoch  4/120 | loss 0.2245 | CE propre 0.069 | CE adv 0.536 | attaque  18.3% | val clean 99.20% | val PGD10  1.40% |   0.0 min | reste ~   5 min
           [ALERTE] l'attaque interne ne trompe plus que 18% du batch adverse : la robustesse apprise est en train de disparaitre (voir memoire.md, 2026-09-12).
  [PLAN] budget attaque interne -> 3 pas (0.30 eps)
  Epoch  5/120 | loss 0.3420 | CE propre 0.091 | CE adv 0.844 | attaque  28.4% | val clean 99.00% | val PGD10  3.40% |   0.1 min | reste ~   6 min
           [ALERTE] l'attaque interne ne trompe plus que 28% du batch adverse : la robustesse apprise est en train de disparaitre (voir memoire.md, 2026-09-12).
           -> meilleur modele sauvegarde (val PGD10 3.40%)
  Epoch  6/120 | loss 0.3348 | CE propre 0.100 | CE adv 0.805 | attaque  27.5% | val clean 99.20% | val PGD10  4.20% |   0.1 min | reste ~   6 min
           [ALERTE] l'attaque interne ne trompe plus que 27% du batch adverse : la robustesse apprise est en train de disparaitre (voir memoire.md, 2026-09-12).
           -> meilleur modele sauvegarde (val PGD10 4.20%)
  Epoch  7/120 | loss 0.3202 | CE propre 0.100 | CE adv 0.761 | attaque  26.0% | val clean 98.90% | val PGD10  6.90% |   0.1 min | reste ~   6 min
           [ALERTE] l'attaque interne ne trompe plus que 26% du batch adverse : la robustesse apprise est en train de disparaitre (voir memoire.md, 2026-09-12).
           -> meilleur modele sauvegarde (val PGD10 6.90%)
  Epoch  8/120 | loss 0.2913 | CE propre 0.090 | CE adv 0.693 | attaque  23.9% | val clean 99.20% | val PGD10  7.20% |   0.1 min | reste ~   9 min
           [ALERTE] l'attaque interne ne trompe plus que 24% du batch adverse : la robustesse apprise est en train de disparaitre (voir memoire.md, 2026-09-12).
           -> meilleur modele sauvegarde (val PGD10 7.20%)
  Epoch  9/120 | loss 0.3050 | CE propre 0.100 | CE adv 0.716 | attaque  24.7% | val clean 99.10% | val PGD10 12.60% |   0.1 min | reste ~   6 min
           [ALERTE] l'attaque interne ne trompe plus que 25% du batch adverse : la robustesse apprise est en train de disparaitre (voir memoire.md, 2026-09-12).
           -> meilleur modele sauvegarde (val PGD10 12.60%)
  Epoch 10/120 | loss 0.2757 | CE propre 0.089 | CE adv 0.650 | attaque  22.3% | val clean 99.20% | val PGD10 15.30% |   0.1 min | reste ~   6 min
           [ALERTE] l'attaque interne ne trompe plus que 22% du batch adverse : la robustesse apprise est en train de disparaitre (voir memoire.md, 2026-09-12).
           -> meilleur modele sauvegarde (val PGD10 15.30%)
  [PLAN] budget attaque interne -> 4 pas (0.40 eps)
  Epoch 11/120 | loss 0.3746 | CE propre 0.110 | CE adv 0.903 | attaque  31.1% | val clean 99.10% | val PGD10 29.90% |   0.1 min | reste ~   6 min
           [ALERTE] l'attaque interne ne trompe plus que 31% du batch adverse : la robustesse apprise est en train de disparaitre (voir memoire.md, 2026-09-12).
           -> meilleur modele sauvegarde (val PGD10 29.90%)
  Epoch 12/120 | loss 0.3582 | CE propre 0.113 | CE adv 0.848 | attaque  29.1% | val clean 98.90% | val PGD10 30.40% |   0.1 min | reste ~   6 min
           [ALERTE] l'attaque interne ne trompe plus que 29% du batch adverse : la robustesse apprise est en train de disparaitre (voir memoire.md, 2026-09-12).
           -> meilleur modele sauvegarde (val PGD10 30.40%)
  Epoch 13/120 | loss 0.3606 | CE propre 0.118 | CE adv 0.847 | attaque  29.1% | val clean 99.10% | val PGD10 34.50% |   0.1 min | reste ~   6 min
           [ALERTE] l'attaque interne ne trompe plus que 29% du batch adverse : la robustesse apprise est en train de disparaitre (voir memoire.md, 2026-09-12).
           -> meilleur modele sauvegarde (val PGD10 34.50%)
  Epoch 14/120 | loss 0.3503 | CE propre 0.119 | CE adv 0.813 | attaque  27.7% | val clean 98.90% | val PGD10 40.90% |   0.1 min | reste ~   6 min
           [ALERTE] l'attaque interne ne trompe plus que 28% du batch adverse : la robustesse apprise est en train de disparaitre (voir memoire.md, 2026-09-12).
           -> meilleur modele sauvegarde (val PGD10 40.90%)
  Epoch 15/120 | loss 0.3462 | CE propre 0.115 | CE adv 0.808 | attaque  27.8% | val clean 99.10% | val PGD10 37.70% |   0.1 min | reste ~   6 min
           [ALERTE] l'attaque interne ne trompe plus que 28% du batch adverse : la robustesse apprise est en train de disparaitre (voir memoire.md, 2026-09-12).
  Epoch 16/120 | loss 0.3261 | CE propre 0.111 | CE adv 0.756 | attaque  26.0% | val clean 99.10% | val PGD10 43.70% |   0.1 min | reste ~   6 min
           [ALERTE] l'attaque interne ne trompe plus que 26% du batch adverse : la robustesse apprise est en train de disparaitre (voir memoire.md, 2026-09-12).
           -> meilleur modele sauvegarde (val PGD10 43.70%)
  Epoch 17/120 | loss 0.3512 | CE propre 0.124 | CE adv 0.805 | attaque  27.6% | val clean 99.10% | val PGD10 39.60% |   0.1 min | reste ~   6 min
           [ALERTE] l'attaque interne ne trompe plus que 28% du batch adverse : la robustesse apprise est en train de disparaitre (voir memoire.md, 2026-09-12).
  [PLAN] budget attaque interne -> 5 pas (0.50 eps)
  Epoch 18/120 | loss 0.4088 | CE propre 0.130 | CE adv 0.965 | attaque  33.2% | val clean 99.10% | val PGD10 58.90% |   0.1 min | reste ~   9 min
           [ALERTE] l'attaque interne ne trompe plus que 33% du batch adverse : la robustesse apprise est en train de disparaitre (voir memoire.md, 2026-09-12).
           -> meilleur modele sauvegarde (val PGD10 58.90%)
  Epoch 19/120 | loss 0.3801 | CE propre 0.124 | CE adv 0.893 | attaque  30.6% | val clean 99.30% | val PGD10 55.30% |   0.1 min | reste ~   6 min
           [ALERTE] l'attaque interne ne trompe plus que 31% du batch adverse : la robustesse apprise est en train de disparaitre (voir memoire.md, 2026-09-12).
  Epoch 20/120 | loss 0.4174 | CE propre 0.139 | CE adv 0.974 | attaque  33.2% | val clean 98.80% | val PGD10 59.40% |   0.1 min | reste ~   6 min
           [ALERTE] l'attaque interne ne trompe plus que 33% du batch adverse : la robustesse apprise est en train de disparaitre (voir memoire.md, 2026-09-12).
           -> meilleur modele sauvegarde (val PGD10 59.40%)
  Epoch 21/120 | loss 0.3678 | CE propre 0.125 | CE adv 0.852 | attaque  29.0% | val clean 98.60% | val PGD10 60.20% |   0.1 min | reste ~   6 min
           [ALERTE] l'attaque interne ne trompe plus que 29% du batch adverse : la robustesse apprise est en train de disparaitre (voir memoire.md, 2026-09-12).
           -> meilleur modele sauvegarde (val PGD10 60.20%)
  Epoch 22/120 | loss 0.3723 | CE propre 0.126 | CE adv 0.865 | attaque  29.6% | val clean 99.00% | val PGD10 60.90% |   0.1 min | reste ~   6 min
           [ALERTE] l'attaque interne ne trompe plus que 30% du batch adverse : la robustesse apprise est en train de disparaitre (voir memoire.md, 2026-09-12).
           -> meilleur modele sauvegarde (val PGD10 60.90%)
  Epoch 23/120 | loss 0.3811 | CE propre 0.129 | CE adv 0.884 | attaque  30.1% | val clean 99.20% | val PGD10 61.20% |   0.1 min | reste ~   6 min
           [ALERTE] l'attaque interne ne trompe plus que 30% du batch adverse : la robustesse apprise est en train de disparaitre (voir memoire.md, 2026-09-12).
           -> meilleur modele sauvegarde (val PGD10 61.20%)
  Epoch 24/120 | loss 0.3642 | CE propre 0.126 | CE adv 0.840 | attaque  28.6% | val clean 99.20% | val PGD10 64.60% |   0.1 min | reste ~   6 min
           [ALERTE] l'attaque interne ne trompe plus que 29% du batch adverse : la robustesse apprise est en train de disparaitre (voir memoire.md, 2026-09-12).
           -> meilleur modele sauvegarde (val PGD10 64.60%)
  [PLAN] budget attaque interne -> 6 pas (0.60 eps)
  Epoch 25/120 | loss 0.4606 | CE propre 0.149 | CE adv 1.084 | attaque  36.8% | val clean 99.20% | val PGD10 70.50% |   0.1 min | reste ~   6 min
           [ALERTE] l'attaque interne ne trompe plus que 37% du batch adverse : la robustesse apprise est en train de disparaitre (voir memoire.md, 2026-09-12).
           -> meilleur modele sauvegarde (val PGD10 70.50%)
  Epoch 26/120 | loss 0.4367 | CE propre 0.149 | CE adv 1.011 | attaque  34.3% | val clean 99.20% | val PGD10 66.30% |   0.1 min | reste ~   9 min
           [ALERTE] l'attaque interne ne trompe plus que 34% du batch adverse : la robustesse apprise est en train de disparaitre (voir memoire.md, 2026-09-12).
  Epoch 27/120 | loss 0.3942 | CE propre 0.127 | CE adv 0.928 | attaque  31.5% | val clean 98.70% | val PGD10 71.00% |   0.1 min | reste ~   6 min
           [ALERTE] l'attaque interne ne trompe plus que 32% du batch adverse : la robustesse apprise est en train de disparaitre (voir memoire.md, 2026-09-12).
           -> meilleur modele sauvegarde (val PGD10 71.00%)
  Epoch 28/120 | loss 0.4180 | CE propre 0.139 | CE adv 0.977 | attaque  33.5% | val clean 98.70% | val PGD10 68.90% |   0.1 min | reste ~   6 min
           [ALERTE] l'attaque interne ne trompe plus que 34% du batch adverse : la robustesse apprise est en train de disparaitre (voir memoire.md, 2026-09-12).
  Epoch 29/120 | loss 0.4221 | CE propre 0.142 | CE adv 0.982 | attaque  33.6% | val clean 98.50% | val PGD10 72.30% |   0.1 min | reste ~   6 min
           [ALERTE] l'attaque interne ne trompe plus que 34% du batch adverse : la robustesse apprise est en train de disparaitre (voir memoire.md, 2026-09-12).
           -> meilleur modele sauvegarde (val PGD10 72.30%)
  Epoch 30/120 | loss 0.4075 | CE propre 0.139 | CE adv 0.944 | attaque  32.4% | val clean 98.70% | val PGD10 76.80% |   0.1 min | reste ~   6 min
           [ALERTE] l'attaque interne ne trompe plus que 32% du batch adverse : la robustesse apprise est en train de disparaitre (voir memoire.md, 2026-09-12).
           -> meilleur modele sauvegarde (val PGD10 76.80%)
  [PLAN] budget attaque interne -> 7 pas (0.70 eps)
  Epoch 31/120 | loss 0.4546 | CE propre 0.145 | CE adv 1.073 | attaque  36.6% | val clean 98.60% | val PGD10 70.20% |   0.1 min | reste ~   6 min
           [ALERTE] l'attaque interne ne trompe plus que 37% du batch adverse : la robustesse apprise est en train de disparaitre (voir memoire.md, 2026-09-12).
  Epoch 32/120 | loss 0.4371 | CE propre 0.140 | CE adv 1.031 | attaque  35.3% | val clean 98.70% | val PGD10 72.90% |   0.1 min | reste ~   6 min
           [ALERTE] l'attaque interne ne trompe plus que 35% du batch adverse : la robustesse apprise est en train de disparaitre (voir memoire.md, 2026-09-12).
  Epoch 33/120 | loss 0.4189 | CE propre 0.135 | CE adv 0.987 | attaque  33.8% | val clean 99.00% | val PGD10 73.10% |   0.1 min | reste ~   6 min
           [ALERTE] l'attaque interne ne trompe plus que 34% du batch adverse : la robustesse apprise est en train de disparaitre (voir memoire.md, 2026-09-12).
  Epoch 34/120 | loss 0.4288 | CE propre 0.137 | CE adv 1.012 | attaque  34.5% | val clean 98.60% | val PGD10 79.80% |   0.1 min | reste ~   9 min
           [ALERTE] l'attaque interne ne trompe plus que 35% du batch adverse : la robustesse apprise est en train de disparaitre (voir memoire.md, 2026-09-12).
           -> meilleur modele sauvegarde (val PGD10 79.80%)
  Epoch 35/120 | loss 0.4420 | CE propre 0.142 | CE adv 1.042 | attaque  35.9% | val clean 99.00% | val PGD10 79.50% |   0.1 min | reste ~   6 min
           [ALERTE] l'attaque interne ne trompe plus que 36% du batch adverse : la robustesse apprise est en train de disparaitre (voir memoire.md, 2026-09-12).
  Epoch 36/120 | loss 0.4362 | CE propre 0.139 | CE adv 1.031 | attaque  35.2% | val clean 98.90% | val PGD10 77.30% |   0.1 min | reste ~   6 min
           [ALERTE] l'attaque interne ne trompe plus que 35% du batch adverse : la robustesse apprise est en train de disparaitre (voir memoire.md, 2026-09-12).
  Epoch 37/120 | loss 0.4313 | CE propre 0.139 | CE adv 1.017 | attaque  34.5% | val clean 98.80% | val PGD10 79.10% |   0.1 min | reste ~   6 min
           [ALERTE] l'attaque interne ne trompe plus que 35% du batch adverse : la robustesse apprise est en train de disparaitre (voir memoire.md, 2026-09-12).
  [PLAN] budget attaque interne -> 8 pas (0.80 eps)
  Epoch 38/120 | loss 0.4561 | CE propre 0.140 | CE adv 1.088 | attaque  36.8% | val clean 98.90% | val PGD10 81.40% |   0.1 min | reste ~   6 min
           [ALERTE] l'attaque interne ne trompe plus que 37% du batch adverse : la robustesse apprise est en train de disparaitre (voir memoire.md, 2026-09-12).
           -> meilleur modele sauvegarde (val PGD10 81.40%)
  Epoch 39/120 | loss 0.4478 | CE propre 0.137 | CE adv 1.070 | attaque  36.4% | val clean 98.30% | val PGD10 82.30% |   0.1 min | reste ~   6 min
           [ALERTE] l'attaque interne ne trompe plus que 36% du batch adverse : la robustesse apprise est en train de disparaitre (voir memoire.md, 2026-09-12).
           -> meilleur modele sauvegarde (val PGD10 82.30%)
  Epoch 40/120 | loss 0.4688 | CE propre 0.146 | CE adv 1.114 | attaque  37.8% | val clean 99.00% | val PGD10 81.20% |   0.1 min | reste ~   6 min
           [ALERTE] l'attaque interne ne trompe plus que 38% du batch adverse : la robustesse apprise est en train de disparaitre (voir memoire.md, 2026-09-12).
  Epoch 41/120 | loss 0.4557 | CE propre 0.141 | CE adv 1.084 | attaque  37.1% | val clean 99.10% | val PGD10 82.10% |   0.1 min | reste ~   9 min
           [ALERTE] l'attaque interne ne trompe plus que 37% du batch adverse : la robustesse apprise est en train de disparaitre (voir memoire.md, 2026-09-12).
  Epoch 42/120 | loss 0.4556 | CE propre 0.140 | CE adv 1.088 | attaque  37.0% | val clean 99.10% | val PGD10 81.40% |   0.1 min | reste ~   6 min
           [ALERTE] l'attaque interne ne trompe plus que 37% du batch adverse : la robustesse apprise est en train de disparaitre (voir memoire.md, 2026-09-12).
  Epoch 43/120 | loss 0.4407 | CE propre 0.137 | CE adv 1.048 | attaque  35.7% | val clean 98.30% | val PGD10 81.70% |   0.1 min | reste ~   6 min
           [ALERTE] l'attaque interne ne trompe plus que 36% du batch adverse : la robustesse apprise est en train de disparaitre (voir memoire.md, 2026-09-12).
  [PLAN] budget attaque interne -> 9 pas (0.90 eps)
  Epoch 44/120 | loss 0.4715 | CE propre 0.140 | CE adv 1.134 | attaque  38.9% | val clean 98.70% | val PGD10 82.60% |   0.1 min | reste ~   6 min
           [ALERTE] l'attaque interne ne trompe plus que 39% du batch adverse : la robustesse apprise est en train de disparaitre (voir memoire.md, 2026-09-12).
           -> meilleur modele sauvegarde (val PGD10 82.60%)
  Epoch 45/120 | loss 0.4630 | CE propre 0.138 | CE adv 1.113 | attaque  37.9% | val clean 99.00% | val PGD10 81.90% |   0.1 min | reste ~   6 min
           [ALERTE] l'attaque interne ne trompe plus que 38% du batch adverse : la robustesse apprise est en train de disparaitre (voir memoire.md, 2026-09-12).
  Epoch 46/120 | loss 0.4903 | CE propre 0.151 | CE adv 1.168 | attaque  39.7% | val clean 98.70% | val PGD10 85.00% |   0.1 min | reste ~   6 min
           [ALERTE] l'attaque interne ne trompe plus que 40% du batch adverse : la robustesse apprise est en train de disparaitre (voir memoire.md, 2026-09-12).
           -> meilleur modele sauvegarde (val PGD10 85.00%)
  Epoch 47/120 | loss 0.4829 | CE propre 0.150 | CE adv 1.148 | attaque  39.0% | val clean 98.60% | val PGD10 87.10% |   0.1 min | reste ~   9 min
           [ALERTE] l'attaque interne ne trompe plus que 39% du batch adverse : la robustesse apprise est en train de disparaitre (voir memoire.md, 2026-09-12).
           -> meilleur modele sauvegarde (val PGD10 87.10%)
  Epoch 48/120 | loss 0.4698 | CE propre 0.145 | CE adv 1.119 | attaque  38.1% | val clean 98.90% | val PGD10 83.60% |   0.1 min | reste ~   6 min
           [ALERTE] l'attaque interne ne trompe plus que 38% du batch adverse : la robustesse apprise est en train de disparaitre (voir memoire.md, 2026-09-12).
  Epoch 49/120 | loss 0.4417 | CE propre 0.133 | CE adv 1.058 | attaque  36.4% | val clean 98.80% | val PGD10 81.30% |   0.1 min | reste ~   6 min
           [ALERTE] l'attaque interne ne trompe plus que 36% du batch adverse : la robustesse apprise est en train de disparaitre (voir memoire.md, 2026-09-12).
  Epoch 50/120 | loss 0.4670 | CE propre 0.142 | CE adv 1.118 | attaque  38.2% | val clean 98.20% | val PGD10 80.30% |   0.1 min | reste ~   6 min
           [ALERTE] l'attaque interne ne trompe plus que 38% du batch adverse : la robustesse apprise est en train de disparaitre (voir memoire.md, 2026-09-12).
  [PLAN] budget attaque interne -> 10 pas (1.00 eps)
  Epoch 51/120 | loss 0.4953 | CE propre 0.147 | CE adv 1.191 | attaque  40.5% | val clean 98.90% | val PGD10 88.70% |   0.1 min | reste ~   6 min
           [ALERTE] l'attaque interne ne trompe plus que 41% du batch adverse : la robustesse apprise est en train de disparaitre (voir memoire.md, 2026-09-12).
           -> meilleur modele sauvegarde (val PGD10 88.70%)
  Epoch 52/120 | loss 0.4984 | CE propre 0.149 | CE adv 1.197 | attaque  41.2% | val clean 98.60% | val PGD10 81.40% |   0.1 min | reste ~   6 min
           [ALERTE] l'attaque interne ne trompe plus que 41% du batch adverse : la robustesse apprise est en train de disparaitre (voir memoire.md, 2026-09-12).
  Epoch 53/120 | loss 0.4617 | CE propre 0.139 | CE adv 1.107 | attaque  37.7% | val clean 98.30% | val PGD10 82.40% |   0.1 min | reste ~   6 min
           [ALERTE] l'attaque interne ne trompe plus que 38% du batch adverse : la robustesse apprise est en train de disparaitre (voir memoire.md, 2026-09-12).
  Epoch 54/120 | loss 0.4602 | CE propre 0.136 | CE adv 1.109 | attaque  37.9% | val clean 98.40% | val PGD10 84.90% |   0.1 min | reste ~   8 min
           [ALERTE] l'attaque interne ne trompe plus que 38% du batch adverse : la robustesse apprise est en train de disparaitre (voir memoire.md, 2026-09-12).
  Epoch 55/120 | loss 0.4735 | CE propre 0.139 | CE adv 1.142 | attaque  39.0% | val clean 98.90% | val PGD10 82.60% |   0.1 min | reste ~   6 min
           [ALERTE] l'attaque interne ne trompe plus que 39% du batch adverse : la robustesse apprise est en train de disparaitre (voir memoire.md, 2026-09-12).
  Epoch 56/120 | loss 0.4397 | CE propre 0.128 | CE adv 1.064 | attaque  36.1% | val clean 98.50% | val PGD10 83.70% |   0.1 min | reste ~   5 min
           [ALERTE] l'attaque interne ne trompe plus que 36% du batch adverse : la robustesse apprise est en train de disparaitre (voir memoire.md, 2026-09-12).
  Epoch 57/120 | loss 0.4545 | CE propre 0.132 | CE adv 1.099 | attaque  37.9% | val clean 98.90% | val PGD10 85.80% |   0.1 min | reste ~   5 min
           [ALERTE] l'attaque interne ne trompe plus que 38% du batch adverse : la robustesse apprise est en train de disparaitre (voir memoire.md, 2026-09-12).
  [PLAN] budget attaque interne -> 11 pas (1.10 eps)
  Epoch 58/120 | loss 0.4766 | CE propre 0.137 | CE adv 1.156 | attaque  39.6% | val clean 98.70% | val PGD10 86.10% |   0.1 min | reste ~   6 min
           [ALERTE] l'attaque interne ne trompe plus que 40% du batch adverse : la robustesse apprise est en train de disparaitre (voir memoire.md, 2026-09-12).
  Epoch 59/120 | loss 0.4868 | CE propre 0.142 | CE adv 1.177 | attaque  40.1% | val clean 98.50% | val PGD10 84.80% |   0.1 min | reste ~   6 min
           [ALERTE] l'attaque interne ne trompe plus que 40% du batch adverse : la robustesse apprise est en train de disparaitre (voir memoire.md, 2026-09-12).
  [LR] epoch 60 : lr -> 0.00500
  Epoch 60/120 | loss 0.4813 | CE propre 0.142 | CE adv 1.160 | attaque  40.2% | val clean 99.00% | val PGD10 87.70% |   0.1 min | reste ~   7 min
           [ALERTE] l'attaque interne ne trompe plus que 40% du batch adverse : la robustesse apprise est en train de disparaitre (voir memoire.md, 2026-09-12).
  Epoch 61/120 | loss 0.4274 | CE propre 0.123 | CE adv 1.036 | attaque  35.9% | val clean 98.90% | val PGD10 87.10% |   0.1 min | reste ~   5 min
           [ALERTE] l'attaque interne ne trompe plus que 36% du batch adverse : la robustesse apprise est en train de disparaitre (voir memoire.md, 2026-09-12).
  Epoch 62/120 | loss 0.4407 | CE propre 0.125 | CE adv 1.071 | attaque  36.9% | val clean 98.90% | val PGD10 86.90% |   0.1 min | reste ~   5 min
           [ALERTE] l'attaque interne ne trompe plus que 37% du batch adverse : la robustesse apprise est en train de disparaitre (voir memoire.md, 2026-09-12).
  Epoch 63/120 | loss 0.4579 | CE propre 0.132 | CE adv 1.109 | attaque  38.5% | val clean 99.10% | val PGD10 87.40% |   0.1 min | reste ~   5 min
           [ALERTE] l'attaque interne ne trompe plus que 38% du batch adverse : la robustesse apprise est en train de disparaitre (voir memoire.md, 2026-09-12).
  [PLAN] budget attaque interne -> 12 pas (1.20 eps)
  Epoch 64/120 | loss 0.4339 | CE propre 0.120 | CE adv 1.061 | attaque  36.8% | val clean 99.10% | val PGD10 87.20% |   0.1 min | reste ~   5 min
           [ALERTE] l'attaque interne ne trompe plus que 37% du batch adverse : la robustesse apprise est en train de disparaitre (voir memoire.md, 2026-09-12).
  Epoch 65/120 | loss 0.4385 | CE propre 0.122 | CE adv 1.072 | attaque  36.7% | val clean 98.80% | val PGD10 87.20% |   0.1 min | reste ~   5 min
           [ALERTE] l'attaque interne ne trompe plus que 37% du batch adverse : la robustesse apprise est en train de disparaitre (voir memoire.md, 2026-09-12).
  Epoch 66/120 | loss 0.4103 | CE propre 0.115 | CE adv 1.000 | attaque  34.7% | val clean 99.00% | val PGD10 90.20% |   0.1 min | reste ~   7 min
           [ALERTE] l'attaque interne ne trompe plus que 35% du batch adverse : la robustesse apprise est en train de disparaitre (voir memoire.md, 2026-09-12).
           -> meilleur modele sauvegarde (val PGD10 90.20%)
  Epoch 67/120 | loss 0.4632 | CE propre 0.130 | CE adv 1.130 | attaque  38.6% | val clean 99.10% | val PGD10 88.60% |   0.1 min | reste ~   5 min
           [ALERTE] l'attaque interne ne trompe plus que 39% du batch adverse : la robustesse apprise est en train de disparaitre (voir memoire.md, 2026-09-12).
  Epoch 68/120 | loss 0.4603 | CE propre 0.130 | CE adv 1.120 | attaque  39.0% | val clean 99.00% | val PGD10 88.20% |   0.1 min | reste ~   5 min
           [ALERTE] l'attaque interne ne trompe plus que 39% du batch adverse : la robustesse apprise est en train de disparaitre (voir memoire.md, 2026-09-12).
  Epoch 69/120 | loss 0.4338 | CE propre 0.123 | CE adv 1.055 | attaque  36.3% | val clean 99.10% | val PGD10 88.50% |   0.1 min | reste ~   5 min
           [ALERTE] l'attaque interne ne trompe plus que 36% du batch adverse : la robustesse apprise est en train de disparaitre (voir memoire.md, 2026-09-12).
  Epoch 70/120 | loss 0.4405 | CE propre 0.122 | CE adv 1.078 | attaque  37.5% | val clean 99.10% | val PGD10 89.90% |   0.1 min | reste ~   5 min
           [ALERTE] l'attaque interne ne trompe plus que 37% du batch adverse : la robustesse apprise est en train de disparaitre (voir memoire.md, 2026-09-12).
  [PLAN] budget attaque interne -> 13 pas (1.30 eps)
  Epoch 71/120 | loss 0.4420 | CE propre 0.122 | CE adv 1.082 | attaque  37.3% | val clean 99.10% | val PGD10 87.70% |   0.1 min | reste ~   7 min
           [ALERTE] l'attaque interne ne trompe plus que 37% du batch adverse : la robustesse apprise est en train de disparaitre (voir memoire.md, 2026-09-12).
  Epoch 72/120 | loss 0.4787 | CE propre 0.134 | CE adv 1.168 | attaque  40.4% | val clean 99.10% | val PGD10 87.60% |   0.1 min | reste ~   5 min
           [ALERTE] l'attaque interne ne trompe plus que 40% du batch adverse : la robustesse apprise est en train de disparaitre (voir memoire.md, 2026-09-12).
  Epoch 73/120 | loss 0.4521 | CE propre 0.126 | CE adv 1.105 | attaque  37.8% | val clean 99.00% | val PGD10 88.20% |   0.1 min | reste ~   5 min
           [ALERTE] l'attaque interne ne trompe plus que 38% du batch adverse : la robustesse apprise est en train de disparaitre (voir memoire.md, 2026-09-12).
  Epoch 74/120 | loss 0.4638 | CE propre 0.128 | CE adv 1.136 | attaque  39.3% | val clean 99.10% | val PGD10 87.30% |   0.1 min | reste ~   5 min
           [ALERTE] l'attaque interne ne trompe plus que 39% du batch adverse : la robustesse apprise est en train de disparaitre (voir memoire.md, 2026-09-12).
  Epoch 75/120 | loss 0.4475 | CE propre 0.122 | CE adv 1.099 | attaque  38.1% | val clean 99.20% | val PGD10 87.80% |   0.1 min | reste ~   5 min
           [ALERTE] l'attaque interne ne trompe plus que 38% du batch adverse : la robustesse apprise est en train de disparaitre (voir memoire.md, 2026-09-12).
  Epoch 76/120 | loss 0.4618 | CE propre 0.128 | CE adv 1.130 | attaque  38.7% | val clean 99.20% | val PGD10 87.30% |   0.1 min | reste ~   6 min
           [ALERTE] l'attaque interne ne trompe plus que 39% du batch adverse : la robustesse apprise est en train de disparaitre (voir memoire.md, 2026-09-12).
  Epoch 77/120 | loss 0.4654 | CE propre 0.130 | CE adv 1.136 | attaque  39.4% | val clean 99.10% | val PGD10 88.00% |   0.1 min | reste ~   4 min
           [ALERTE] l'attaque interne ne trompe plus que 39% du batch adverse : la robustesse apprise est en train de disparaitre (voir memoire.md, 2026-09-12).
  [PLAN] budget attaque interne -> 14 pas (1.40 eps)
  Epoch 78/120 | loss 0.4669 | CE propre 0.127 | CE adv 1.146 | attaque  39.5% | val clean 99.10% | val PGD10 89.50% |   0.1 min | reste ~   4 min
           [ALERTE] l'attaque interne ne trompe plus que 40% du batch adverse : la robustesse apprise est en train de disparaitre (voir memoire.md, 2026-09-12).
  Epoch 79/120 | loss 0.4802 | CE propre 0.131 | CE adv 1.179 | attaque  40.8% | val clean 98.90% | val PGD10 88.10% |   0.1 min | reste ~   4 min
           [ALERTE] l'attaque interne ne trompe plus que 41% du batch adverse : la robustesse apprise est en train de disparaitre (voir memoire.md, 2026-09-12).
  Epoch 80/120 | loss 0.4742 | CE propre 0.127 | CE adv 1.168 | attaque  39.9% | val clean 99.10% | val PGD10 88.00% |   0.1 min | reste ~   4 min
           [ALERTE] l'attaque interne ne trompe plus que 40% du batch adverse : la robustesse apprise est en train de disparaitre (voir memoire.md, 2026-09-12).
  Epoch 81/120 | loss 0.5156 | CE propre 0.141 | CE adv 1.265 | attaque  43.9% | val clean 98.90% | val PGD10 88.70% |   0.1 min | reste ~   4 min
           [ALERTE] l'attaque interne ne trompe plus que 44% du batch adverse : la robustesse apprise est en train de disparaitre (voir memoire.md, 2026-09-12).
  Epoch 82/120 | loss 0.4803 | CE propre 0.128 | CE adv 1.184 | attaque  41.2% | val clean 99.00% | val PGD10 90.20% |   0.1 min | reste ~   5 min
           [ALERTE] l'attaque interne ne trompe plus que 41% du batch adverse : la robustesse apprise est en train de disparaitre (voir memoire.md, 2026-09-12).
  Epoch 83/120 | loss 0.4996 | CE propre 0.140 | CE adv 1.218 | attaque  42.0% | val clean 98.90% | val PGD10 89.00% |   0.1 min | reste ~   4 min
           [ALERTE] l'attaque interne ne trompe plus que 42% du batch adverse : la robustesse apprise est en train de disparaitre (voir memoire.md, 2026-09-12).
  [PLAN] budget attaque interne -> 15 pas (1.50 eps)
  Epoch 84/120 | loss 0.4553 | CE propre 0.118 | CE adv 1.130 | attaque  39.4% | val clean 99.20% | val PGD10 88.90% |   0.1 min | reste ~   4 min
           [ALERTE] l'attaque interne ne trompe plus que 39% du batch adverse : la robustesse apprise est en train de disparaitre (voir memoire.md, 2026-09-12).
  Epoch 85/120 | loss 0.4850 | CE propre 0.129 | CE adv 1.197 | attaque  41.3% | val clean 99.10% | val PGD10 88.50% |   0.1 min | reste ~   4 min
           [ALERTE] l'attaque interne ne trompe plus que 41% du batch adverse : la robustesse apprise est en train de disparaitre (voir memoire.md, 2026-09-12).
  Epoch 86/120 | loss 0.4585 | CE propre 0.122 | CE adv 1.131 | attaque  39.2% | val clean 98.80% | val PGD10 87.80% |   0.1 min | reste ~   4 min
           [ALERTE] l'attaque interne ne trompe plus que 39% du batch adverse : la robustesse apprise est en train de disparaitre (voir memoire.md, 2026-09-12).
  Epoch 87/120 | loss 0.4744 | CE propre 0.128 | CE adv 1.167 | attaque  40.3% | val clean 99.00% | val PGD10 87.20% |   0.1 min | reste ~   4 min
           [ALERTE] l'attaque interne ne trompe plus que 40% du batch adverse : la robustesse apprise est en train de disparaitre (voir memoire.md, 2026-09-12).
  Epoch 88/120 | loss 0.4819 | CE propre 0.131 | CE adv 1.184 | attaque  41.1% | val clean 99.00% | val PGD10 87.20% |   0.1 min | reste ~   3 min
           [ALERTE] l'attaque interne ne trompe plus que 41% du batch adverse : la robustesse apprise est en train de disparaitre (voir memoire.md, 2026-09-12).
  Epoch 89/120 | loss 0.4662 | CE propre 0.125 | CE adv 1.148 | attaque  39.8% | val clean 98.80% | val PGD10 88.20% |   0.1 min | reste ~   3 min
           [ALERTE] l'attaque interne ne trompe plus que 40% du batch adverse : la robustesse apprise est en train de disparaitre (voir memoire.md, 2026-09-12).
  Epoch 90/120 | loss 0.4735 | CE propre 0.130 | CE adv 1.161 | attaque  40.1% | val clean 99.10% | val PGD10 87.50% |   0.1 min | reste ~   3 min
           [ALERTE] l'attaque interne ne trompe plus que 40% du batch adverse : la robustesse apprise est en train de disparaitre (voir memoire.md, 2026-09-12).
  [PLAN] budget attaque interne -> 16 pas (1.60 eps)
  Epoch 91/120 | loss 0.4685 | CE propre 0.126 | CE adv 1.153 | attaque  39.6% | val clean 99.00% | val PGD10 87.80% |   0.1 min | reste ~   4 min
           [ALERTE] l'attaque interne ne trompe plus que 40% du batch adverse : la robustesse apprise est en train de disparaitre (voir memoire.md, 2026-09-12).
  Epoch 92/120 | loss 0.5015 | CE propre 0.136 | CE adv 1.232 | attaque  42.1% | val clean 99.00% | val PGD10 88.70% |   0.1 min | reste ~   3 min
           [ALERTE] l'attaque interne ne trompe plus que 42% du batch adverse : la robustesse apprise est en train de disparaitre (voir memoire.md, 2026-09-12).
  Epoch 93/120 | loss 0.5356 | CE propre 0.146 | CE adv 1.315 | attaque  45.5% | val clean 98.70% | val PGD10 87.80% |   0.1 min | reste ~   3 min
           [ALERTE] l'attaque interne ne trompe plus que 45% du batch adverse : la robustesse apprise est en train de disparaitre (voir memoire.md, 2026-09-12).
  Epoch 94/120 | loss 0.5169 | CE propre 0.142 | CE adv 1.267 | attaque  43.8% | val clean 98.90% | val PGD10 88.20% |   0.1 min | reste ~   3 min
           [ALERTE] l'attaque interne ne trompe plus que 44% du batch adverse : la robustesse apprise est en train de disparaitre (voir memoire.md, 2026-09-12).
  Epoch 95/120 | loss 0.5085 | CE propre 0.138 | CE adv 1.250 | attaque  43.5% | val clean 99.00% | val PGD10 89.90% |   0.1 min | reste ~   3 min
           [ALERTE] l'attaque interne ne trompe plus que 44% du batch adverse : la robustesse apprise est en train de disparaitre (voir memoire.md, 2026-09-12).
  [LR] epoch 96 : lr -> 0.00050
  Epoch 96/120 | loss 0.5022 | CE propre 0.137 | CE adv 1.233 | attaque  42.6% | val clean 99.00% | val PGD10 89.20% |   0.1 min | reste ~   4 min
           [ALERTE] l'attaque interne ne trompe plus que 43% du batch adverse : la robustesse apprise est en train de disparaitre (voir memoire.md, 2026-09-12).
  [PLAN] budget attaque interne -> 17 pas (1.70 eps)
  Epoch 97/120 | loss 0.5090 | CE propre 0.138 | CE adv 1.252 | attaque  43.3% | val clean 99.00% | val PGD10 88.70% |   0.1 min | reste ~   3 min
           [ALERTE] l'attaque interne ne trompe plus que 43% du batch adverse : la robustesse apprise est en train de disparaitre (voir memoire.md, 2026-09-12).
  Epoch 98/120 | loss 0.5027 | CE propre 0.135 | CE adv 1.238 | attaque  42.6% | val clean 99.00% | val PGD10 89.60% |   0.1 min | reste ~   2 min
           [ALERTE] l'attaque interne ne trompe plus que 43% du batch adverse : la robustesse apprise est en train de disparaitre (voir memoire.md, 2026-09-12).
  Epoch 99/120 | loss 0.5021 | CE propre 0.136 | CE adv 1.234 | attaque  43.0% | val clean 99.00% | val PGD10 89.60% |   0.1 min | reste ~   2 min
           [ALERTE] l'attaque interne ne trompe plus que 43% du batch adverse : la robustesse apprise est en train de disparaitre (voir memoire.md, 2026-09-12).
  Epoch 100/120 | loss 0.4982 | CE propre 0.136 | CE adv 1.223 | attaque  42.4% | val clean 99.00% | val PGD10 89.20% |   0.1 min | reste ~   2 min
           [ALERTE] l'attaque interne ne trompe plus que 42% du batch adverse : la robustesse apprise est en train de disparaitre (voir memoire.md, 2026-09-12).
  Epoch 101/120 | loss 0.4969 | CE propre 0.133 | CE adv 1.224 | attaque  42.4% | val clean 99.00% | val PGD10 88.20% |   0.2 min | reste ~   3 min
           [ALERTE] l'attaque interne ne trompe plus que 42% du batch adverse : la robustesse apprise est en train de disparaitre (voir memoire.md, 2026-09-12).
  Epoch 102/120 | loss 0.5069 | CE propre 0.139 | CE adv 1.242 | attaque  43.5% | val clean 99.00% | val PGD10 88.20% |   0.1 min | reste ~   2 min
           [ALERTE] l'attaque interne ne trompe plus que 44% du batch adverse : la robustesse apprise est en train de disparaitre (voir memoire.md, 2026-09-12).
  Epoch 103/120 | loss 0.5059 | CE propre 0.136 | CE adv 1.245 | attaque  43.0% | val clean 99.00% | val PGD10 89.10% |   0.1 min | reste ~   2 min
           [ALERTE] l'attaque interne ne trompe plus que 43% du batch adverse : la robustesse apprise est en train de disparaitre (voir memoire.md, 2026-09-12).
  [PLAN] budget attaque interne -> 18 pas (1.80 eps)
  Epoch 104/120 | loss 0.5393 | CE propre 0.146 | CE adv 1.326 | attaque  45.8% | val clean 98.90% | val PGD10 88.50% |   0.1 min | reste ~   2 min
           [ALERTE] l'attaque interne ne trompe plus que 46% du batch adverse : la robustesse apprise est en train de disparaitre (voir memoire.md, 2026-09-12).
  Epoch 105/120 | loss 0.5167 | CE propre 0.137 | CE adv 1.275 | attaque  44.1% | val clean 98.90% | val PGD10 89.20% |   0.2 min | reste ~   2 min
           [ALERTE] l'attaque interne ne trompe plus que 44% du batch adverse : la robustesse apprise est en train de disparaitre (voir memoire.md, 2026-09-12).
  Epoch 106/120 | loss 0.5063 | CE propre 0.134 | CE adv 1.251 | attaque  43.3% | val clean 98.90% | val PGD10 88.90% |   0.1 min | reste ~   2 min
           [ALERTE] l'attaque interne ne trompe plus que 43% du batch adverse : la robustesse apprise est en train de disparaitre (voir memoire.md, 2026-09-12).
  Epoch 107/120 | loss 0.5230 | CE propre 0.139 | CE adv 1.292 | attaque  44.6% | val clean 98.90% | val PGD10 88.60% |   0.1 min | reste ~   2 min
           [ALERTE] l'attaque interne ne trompe plus que 45% du batch adverse : la robustesse apprise est en train de disparaitre (voir memoire.md, 2026-09-12).
  Epoch 108/120 | loss 0.5078 | CE propre 0.135 | CE adv 1.253 | attaque  43.3% | val clean 99.00% | val PGD10 89.40% |   0.1 min | reste ~   2 min
           [ALERTE] l'attaque interne ne trompe plus que 43% du batch adverse : la robustesse apprise est en train de disparaitre (voir memoire.md, 2026-09-12).
  Epoch 109/120 | loss 0.5100 | CE propre 0.135 | CE adv 1.259 | attaque  43.4% | val clean 99.00% | val PGD10 88.60% |   0.1 min | reste ~   1 min
           [ALERTE] l'attaque interne ne trompe plus que 43% du batch adverse : la robustesse apprise est en train de disparaitre (voir memoire.md, 2026-09-12).
  Epoch 110/120 | loss 0.5159 | CE propre 0.136 | CE adv 1.275 | attaque  44.2% | val clean 99.00% | val PGD10 88.50% |   0.2 min | reste ~   2 min
           [ALERTE] l'attaque interne ne trompe plus que 44% du batch adverse : la robustesse apprise est en train de disparaitre (voir memoire.md, 2026-09-12).
  [PLAN] budget attaque interne -> 19 pas (1.90 eps)
  Epoch 111/120 | loss 0.5084 | CE propre 0.136 | CE adv 1.253 | attaque  43.3% | val clean 99.00% | val PGD10 89.90% |   0.1 min | reste ~   1 min
           [ALERTE] l'attaque interne ne trompe plus que 43% du batch adverse : la robustesse apprise est en train de disparaitre (voir memoire.md, 2026-09-12).
  Epoch 112/120 | loss 0.5099 | CE propre 0.135 | CE adv 1.260 | attaque  43.7% | val clean 99.00% | val PGD10 88.30% |   0.1 min | reste ~   1 min
           [ALERTE] l'attaque interne ne trompe plus que 44% du batch adverse : la robustesse apprise est en train de disparaitre (voir memoire.md, 2026-09-12).
  Epoch 113/120 | loss 0.5136 | CE propre 0.139 | CE adv 1.263 | attaque  43.7% | val clean 99.00% | val PGD10 89.00% |   0.1 min | reste ~   1 min
           [ALERTE] l'attaque interne ne trompe plus que 44% du batch adverse : la robustesse apprise est en train de disparaitre (voir memoire.md, 2026-09-12).
  Epoch 114/120 | loss 0.5164 | CE propre 0.137 | CE adv 1.276 | attaque  44.1% | val clean 98.90% | val PGD10 88.80% |   0.2 min | reste ~   1 min
           [ALERTE] l'attaque interne ne trompe plus que 44% du batch adverse : la robustesse apprise est en train de disparaitre (voir memoire.md, 2026-09-12).
  Epoch 115/120 | loss 0.5149 | CE propre 0.137 | CE adv 1.270 | attaque  44.1% | val clean 99.00% | val PGD10 88.50% |   0.1 min | reste ~   1 min
           [ALERTE] l'attaque interne ne trompe plus que 44% du batch adverse : la robustesse apprise est en train de disparaitre (voir memoire.md, 2026-09-12).
  Epoch 116/120 | loss 0.5036 | CE propre 0.136 | CE adv 1.239 | attaque  43.1% | val clean 99.00% | val PGD10 88.60% |   0.1 min | reste ~   1 min
           [ALERTE] l'attaque interne ne trompe plus que 43% du batch adverse : la robustesse apprise est en train de disparaitre (voir memoire.md, 2026-09-12).
  [PLAN] budget attaque interne -> 20 pas (2.00 eps)
  Epoch 117/120 | loss 0.5030 | CE propre 0.130 | CE adv 1.250 | attaque  43.4% | val clean 99.00% | val PGD10 89.00% |   0.1 min | reste ~   0 min
           [ALERTE] l'attaque interne ne trompe plus que 43% du batch adverse : la robustesse apprise est en train de disparaitre (voir memoire.md, 2026-09-12).
  Epoch 118/120 | loss 0.4967 | CE propre 0.129 | CE adv 1.232 | attaque  43.0% | val clean 99.00% | val PGD10 88.90% |   0.2 min | reste ~   0 min
           [ALERTE] l'attaque interne ne trompe plus que 43% du batch adverse : la robustesse apprise est en train de disparaitre (voir memoire.md, 2026-09-12).
  Epoch 119/120 | loss 0.5086 | CE propre 0.133 | CE adv 1.261 | attaque  43.4% | val clean 99.00% | val PGD10 88.20% |   0.1 min | reste ~   0 min
           [ALERTE] l'attaque interne ne trompe plus que 43% du batch adverse : la robustesse apprise est en train de disparaitre (voir memoire.md, 2026-09-12).
  Epoch 120/120 | loss 0.5634 | CE propre 0.154 | CE adv 1.383 | attaque  47.3% | val clean 99.00% | val PGD10 89.20% |   0.1 min | reste ~   0 min
           [ALERTE] l'attaque interne ne trompe plus que 47% du batch adverse : la robustesse apprise est en train de disparaitre (voir memoire.md, 2026-09-12).

[TRAIN] termine en 11 min 35 s

[EVAL] harden_torch (pgdat, eps=0.3) (500 images, PGD 20 pas, 1 restart(s))
   eps |     FGSM |  PGD (pire cas)
------------------------------------
  0.05 |    95.2% |           92.4%
   0.1 |    93.4% |           89.2%
   0.2 |    90.6% |           84.8%
   0.3 |    88.0% |           76.4%
