========================================================================
  SUITE D'ATTAQUES - evaluation multi-familles
========================================================================
[LOAD] models/kmnist_standard.pt
  [OK] kmnist-train-imgs.npz  shape=(60000, 28, 28)  dtype=uint8  ndim=3  valeurs 0-255
  [OK] kmnist-train-labels.npz  shape=(60000,)  dtype=uint8  ndim=1  valeurs 0-9
  [OK] kmnist-test-imgs.npz  shape=(10000, 28, 28)  dtype=uint8  ndim=3  valeurs 0-255
  [OK] kmnist-test-labels.npz  shape=(10000,)  dtype=uint8  ndim=1  valeurs 0-9
[OK] Donnees KMNIST deja presentes dans data/kmnist/
[DATA] 500 images de test | peripherique : cuda
[EVAL] precision propre : 98.6%

[1/3] ATTAQUES A GRADIENT (white-box)
  attaque                |  eps=0.3
  ----------------------------------
    -> eps=0.3 termine en 1.8 s
  FGSM (1 pas)           |    23.6%
  PGD-20 (3 rest.)       |     0.0%
  APGD-CE (100)          |     0.0%
  APGD-DLR (100)         |     0.0%

[2/3] ATTAQUES SANS GRADIENT (black-box, score-based)
  attaque                |  eps=0.3
  ----------------------------------
    -> eps=0.3 termine en 10.4 s
  Square (3000)          |     0.0%
  NES (20x10)            |    60.2%

[3/3] ATTAQUES L2 (distance minimale pour tromper le modele)
  attaque                |   succes |  distance L2 moyenne
  --------------------------------------------------------
  CW-L2                  |    74.2% |                2.353
    -> CW-L2 termine en 2.4 s
  Boundary               |    89.2% |                6.138
    -> Boundary termine en 0.7 s

  Note : ces deux attaques mesurent une DISTANCE, pas une precision.
  Le taux de succes est la part des images trompees par l'attaque.

========================================================================
  PIRE CAS a eps=0.3 : 0.0%   (attaque : PGD-20 (3 rest.))
  Precision propre                : 98.6%
========================================================================
[JSON] resultats ecrits -> adversarial/results/logs/kmnist_standard.json

[TEMPS] suite terminee en 0 min 15 s
