========================================================================
  SUITE D'ATTAQUES - evaluation multi-familles
========================================================================
[LOAD] models/kmnist_plan_doux.pt
  [OK] kmnist-train-imgs.npz  shape=(60000, 28, 28)  dtype=uint8  ndim=3  valeurs 0-255
  [OK] kmnist-train-labels.npz  shape=(60000,)  dtype=uint8  ndim=1  valeurs 0-9
  [OK] kmnist-test-imgs.npz  shape=(10000, 28, 28)  dtype=uint8  ndim=3  valeurs 0-255
  [OK] kmnist-test-labels.npz  shape=(10000,)  dtype=uint8  ndim=1  valeurs 0-9
[OK] Donnees KMNIST deja presentes dans data/kmnist/
[DATA] 500 images de test | peripherique : cuda
[EVAL] precision propre : 96.6%

[1/3] ATTAQUES A GRADIENT (white-box)
  attaque                |  eps=0.3
  ----------------------------------
    -> eps=0.3 termine en 1.6 s
  FGSM (1 pas)           |    80.6%
  PGD-20 (3 rest.)       |    67.4%
  APGD-CE (100)          |    59.4%
  APGD-DLR (100)         |    58.8%

[2/3] ATTAQUES SANS GRADIENT (black-box, score-based)
  attaque                |  eps=0.3
  ----------------------------------
    -> eps=0.3 termine en 10.3 s
  Square (3000)          |    58.4%
  NES (20x10)            |    91.4%

[3/3] ATTAQUES L2 (distance minimale pour tromper le modele)
  attaque                |   succes |  distance L2 moyenne
  --------------------------------------------------------
  CW-L2                  |    11.0% |                0.216
    -> CW-L2 termine en 2.1 s
  Boundary               |    88.8% |                7.997
    -> Boundary termine en 0.7 s

  Note : ces deux attaques mesurent une DISTANCE, pas une precision.
  Le taux de succes est la part des images trompees par l'attaque.

========================================================================
  PIRE CAS a eps=0.3 : 58.4%   (attaque : Square (3000))
  Precision propre                : 96.6%
========================================================================
[JSON] resultats ecrits -> adversarial/results/logs/kmnist_plan_doux.json

[TEMPS] suite terminee en 0 min 14 s
