  [OK] kmnist-train-imgs.npz  shape=(60000, 28, 28)  dtype=uint8  ndim=3  valeurs 0-255
  [OK] kmnist-train-labels.npz  shape=(60000,)  dtype=uint8  ndim=1  valeurs 0-9
  [OK] kmnist-test-imgs.npz  shape=(10000, 28, 28)  dtype=uint8  ndim=3  valeurs 0-255
  [OK] kmnist-test-labels.npz  shape=(10000,)  dtype=uint8  ndim=1  valeurs 0-9
[OK] Donnees KMNIST deja presentes dans data/kmnist/
======================================================================
  AUTOATTACK (le juge officiel)
======================================================================
  modele   : models/kmnist_plan_doux.pt
  images   : 10000 | eps=0.3 (L-infini) | version=standard
  appareil : cuda
  attaques : APGD-CE, APGD-DLR, FAB, Square
  autoattack : inconnue
setting parameters for standard version
using standard version including apgd-ce, apgd-t, fab-t, square.
initial accuracy: 95.19%
apgd-ce - 1/39 - 83 out of 250 successfully perturbed
apgd-ce - 2/39 - 100 out of 250 successfully perturbed
apgd-ce - 3/39 - 90 out of 250 successfully perturbed
apgd-ce - 4/39 - 94 out of 250 successfully perturbed
apgd-ce - 5/39 - 91 out of 250 successfully perturbed
apgd-ce - 6/39 - 96 out of 250 successfully perturbed
apgd-ce - 7/39 - 95 out of 250 successfully perturbed
apgd-ce - 8/39 - 90 out of 250 successfully perturbed
apgd-ce - 9/39 - 74 out of 250 successfully perturbed
apgd-ce - 10/39 - 110 out of 250 successfully perturbed
apgd-ce - 11/39 - 75 out of 250 successfully perturbed
apgd-ce - 12/39 - 95 out of 250 successfully perturbed
apgd-ce - 13/39 - 89 out of 250 successfully perturbed
apgd-ce - 14/39 - 94 out of 250 successfully perturbed
apgd-ce - 15/39 - 93 out of 250 successfully perturbed
apgd-ce - 16/39 - 100 out of 250 successfully perturbed
apgd-ce - 17/39 - 89 out of 250 successfully perturbed
apgd-ce - 18/39 - 74 out of 250 successfully perturbed
apgd-ce - 19/39 - 78 out of 250 successfully perturbed
apgd-ce - 20/39 - 89 out of 250 successfully perturbed
apgd-ce - 21/39 - 86 out of 250 successfully perturbed
apgd-ce - 22/39 - 79 out of 250 successfully perturbed
apgd-ce - 23/39 - 94 out of 250 successfully perturbed
apgd-ce - 24/39 - 98 out of 250 successfully perturbed
apgd-ce - 25/39 - 99 out of 250 successfully perturbed
apgd-ce - 26/39 - 86 out of 250 successfully perturbed
apgd-ce - 27/39 - 94 out of 250 successfully perturbed
apgd-ce - 28/39 - 88 out of 250 successfully perturbed
apgd-ce - 29/39 - 89 out of 250 successfully perturbed
apgd-ce - 30/39 - 98 out of 250 successfully perturbed
apgd-ce - 31/39 - 110 out of 250 successfully perturbed
apgd-ce - 32/39 - 93 out of 250 successfully perturbed
apgd-ce - 33/39 - 91 out of 250 successfully perturbed
apgd-ce - 34/39 - 98 out of 250 successfully perturbed
apgd-ce - 35/39 - 75 out of 250 successfully perturbed
apgd-ce - 36/39 - 84 out of 250 successfully perturbed
apgd-ce - 37/39 - 76 out of 250 successfully perturbed
apgd-ce - 38/39 - 84 out of 250 successfully perturbed
apgd-ce - 39/39 - 3 out of 19 successfully perturbed
robust accuracy after APGD-CE: 60.95% (total time 8.9 s)
apgd-t - 1/25 - 13 out of 250 successfully perturbed
apgd-t - 2/25 - 10 out of 250 successfully perturbed
apgd-t - 3/25 - 11 out of 250 successfully perturbed
apgd-t - 4/25 - 15 out of 250 successfully perturbed
apgd-t - 5/25 - 13 out of 250 successfully perturbed
apgd-t - 6/25 - 17 out of 250 successfully perturbed
apgd-t - 7/25 - 17 out of 250 successfully perturbed
apgd-t - 8/25 - 16 out of 250 successfully perturbed
apgd-t - 9/25 - 10 out of 250 successfully perturbed
apgd-t - 10/25 - 20 out of 250 successfully perturbed
apgd-t - 11/25 - 9 out of 250 successfully perturbed
apgd-t - 12/25 - 19 out of 250 successfully perturbed
apgd-t - 13/25 - 16 out of 250 successfully perturbed
apgd-t - 14/25 - 13 out of 250 successfully perturbed
apgd-t - 15/25 - 12 out of 250 successfully perturbed
apgd-t - 16/25 - 15 out of 250 successfully perturbed
apgd-t - 17/25 - 15 out of 250 successfully perturbed
apgd-t - 18/25 - 16 out of 250 successfully perturbed
apgd-t - 19/25 - 17 out of 250 successfully perturbed
apgd-t - 20/25 - 16 out of 250 successfully perturbed
apgd-t - 21/25 - 17 out of 250 successfully perturbed
apgd-t - 22/25 - 15 out of 250 successfully perturbed
apgd-t - 23/25 - 17 out of 250 successfully perturbed
apgd-t - 24/25 - 11 out of 250 successfully perturbed
apgd-t - 25/25 - 5 out of 95 successfully perturbed
robust accuracy after APGD-T: 57.40% (total time 78.7 s)
fab-t - 1/23 - 20 out of 250 successfully perturbed
fab-t - 2/23 - 17 out of 250 successfully perturbed
fab-t - 3/23 - 19 out of 250 successfully perturbed
fab-t - 4/23 - 18 out of 250 successfully perturbed
fab-t - 5/23 - 17 out of 250 successfully perturbed
fab-t - 6/23 - 20 out of 250 successfully perturbed
fab-t - 7/23 - 14 out of 250 successfully perturbed
fab-t - 8/23 - 23 out of 250 successfully perturbed
fab-t - 9/23 - 13 out of 250 successfully perturbed
fab-t - 10/23 - 18 out of 250 successfully perturbed
fab-t - 11/23 - 15 out of 250 successfully perturbed
fab-t - 12/23 - 19 out of 250 successfully perturbed
fab-t - 13/23 - 22 out of 250 successfully perturbed
fab-t - 14/23 - 9 out of 250 successfully perturbed
fab-t - 15/23 - 23 out of 250 successfully perturbed
fab-t - 16/23 - 24 out of 250 successfully perturbed
fab-t - 17/23 - 16 out of 250 successfully perturbed
fab-t - 18/23 - 23 out of 250 successfully perturbed
fab-t - 19/23 - 19 out of 250 successfully perturbed
fab-t - 20/23 - 20 out of 250 successfully perturbed
fab-t - 21/23 - 19 out of 250 successfully perturbed
fab-t - 22/23 - 12 out of 250 successfully perturbed
fab-t - 23/23 - 16 out of 240 successfully perturbed
robust accuracy after FAB-T: 53.24% (total time 307.1 s)
square - 1/22 - 12 out of 250 successfully perturbed
square - 2/22 - 10 out of 250 successfully perturbed
square - 3/22 - 12 out of 250 successfully perturbed
square - 4/22 - 5 out of 250 successfully perturbed
square - 5/22 - 10 out of 250 successfully perturbed
square - 6/22 - 12 out of 250 successfully perturbed
square - 7/22 - 8 out of 250 successfully perturbed
square - 8/22 - 13 out of 250 successfully perturbed
square - 9/22 - 8 out of 250 successfully perturbed
square - 10/22 - 15 out of 250 successfully perturbed
square - 11/22 - 13 out of 250 successfully perturbed
square - 12/22 - 15 out of 250 successfully perturbed
square - 13/22 - 11 out of 250 successfully perturbed
square - 14/22 - 8 out of 250 successfully perturbed
square - 15/22 - 11 out of 250 successfully perturbed
square - 16/22 - 10 out of 250 successfully perturbed
square - 17/22 - 9 out of 250 successfully perturbed
square - 18/22 - 9 out of 250 successfully perturbed
square - 19/22 - 10 out of 250 successfully perturbed
square - 20/22 - 9 out of 250 successfully perturbed
square - 21/22 - 11 out of 250 successfully perturbed
square - 22/22 - 3 out of 74 successfully perturbed
robust accuracy after SQUARE: 51.00% (total time 538.3 s)
Warning: Square Attack has decreased the robust accuracy of 2.24%. This might indicate that the robustness evaluation using AutoAttack is unreliable. Consider running Square Attack with more iterations and restarts or an adaptive attack. See flags_doc.md for details.
max Linf perturbation: 0.30000, nan in tensor: 0, max: 1.00000, min: 0.00000
robust accuracy: 51.00%

======================================================================
  RESULTAT (a recopier dans memoire.md et la model card)
======================================================================
  precision propre      : 95.19%
  precision ROBUSTE     : 51.03%   (pire cas AutoAttack, eps=0.3)
  duree                 : 9.0 min
  images                : 10000
======================================================================
[JSON] resultat officiel ecrit -> adversarial/results/logs/kmnist_plan_doux_autoattack.json
