====================================================================
  HARDEN TORCH (autograd)
====================================================================
Peripherique : cuda
GPU          : AMD Radeon RX 7800 XT
  [OK] kmnist-train-imgs.npz  shape=(60000, 28, 28)  dtype=uint8  ndim=3  valeurs 0-255
  [OK] kmnist-train-labels.npz  shape=(60000,)  dtype=uint8  ndim=1  valeurs 0-9
  [OK] kmnist-test-imgs.npz  shape=(10000, 28, 28)  dtype=uint8  ndim=3  valeurs 0-255
  [OK] kmnist-test-labels.npz  shape=(10000,)  dtype=uint8  ndim=1  valeurs 0-9
[OK] Donnees KMNIST deja presentes dans data/kmnist/
  [OK] kmnist-train-imgs.npz  shape=(60000, 28, 28)  dtype=uint8  ndim=3  valeurs 0-255
  [OK] kmnist-train-labels.npz  shape=(60000,)  dtype=uint8  ndim=1  valeurs 0-9
  [OK] kmnist-test-imgs.npz  shape=(10000, 28, 28)  dtype=uint8  ndim=3  valeurs 0-255
  [OK] kmnist-test-labels.npz  shape=(10000,)  dtype=uint8  ndim=1  valeurs 0-9
[OK] Donnees KMNIST deja presentes dans data/kmnist/
[DATA] 59000 train / 1000 val / 500 test
[LR] defaut pour pgdat -> lr 0.05
[AUG] rotation=12.0, translation=2, zoom=0.1, bruit_p=0.02, bruit_intensite=(0.5, 1.0), cutout=6, epaisseur=0.3, epaisseur_melange=0.6, prob=0.5
[CONF] attack=pgd steps=5 eps=0.3 loss=pgdat mix=0.5 lr=0.05 clip=1.0 batch=256 epochs=120 augment=True
[PLAN] curriculum deterministe : budget de 0.1,0.5 eps (pas fixe 0.0300 = 0.10 eps, donc 1 pas a l'epoch 1 -> 5 pas a la fin)
[MODEL] 421 642 parametres
[WARM] clean test : 98.60%
[OPT] momentum
  [LR] paliers aux epochs [60, 96]
  [PLAN] budget attaque interne -> 1 pas (0.10 eps)
  Epoch  1/120 | loss 0.2154 | CE propre 0.040 | CE adv 0.565 | attaque  17.3% | val clean 99.30% | val PGD10  1.00% |   0.0 min | reste ~   6 min
           [ALERTE] l'attaque interne ne trompe plus que 17% du batch adverse : la robustesse apprise est en train de disparaitre (voir memoire.md, 2026-09-12).
           -> meilleur modele sauvegarde (val PGD10 1.00%)
  Epoch  2/120 | loss 0.1496 | CE propre 0.042 | CE adv 0.365 | attaque  12.2% | val clean 99.30% | val PGD10  0.90% |   0.0 min | reste ~   5 min
           [ALERTE] l'attaque interne ne trompe plus que 12% du batch adverse : la robustesse apprise est en train de disparaitre (voir memoire.md, 2026-09-12).
  Epoch  3/120 | loss 0.1389 | CE propre 0.042 | CE adv 0.333 | attaque  11.2% | val clean 99.40% | val PGD10  0.50% |   0.0 min | reste ~   5 min
           [ALERTE] l'attaque interne ne trompe plus que 11% du batch adverse : la robustesse apprise est en train de disparaitre (voir memoire.md, 2026-09-12).
  Epoch  4/120 | loss 0.1273 | CE propre 0.043 | CE adv 0.297 | attaque  10.0% | val clean 99.40% | val PGD10  1.00% |   0.0 min | reste ~   4 min
           [ALERTE] l'attaque interne ne trompe plus que 10% du batch adverse : la robustesse apprise est en train de disparaitre (voir memoire.md, 2026-09-12).
  Epoch  5/120 | loss 0.1256 | CE propre 0.044 | CE adv 0.290 | attaque   9.8% | val clean 99.40% | val PGD10  0.00% |   0.0 min | reste ~   5 min
           [ALERTE] l'attaque interne ne trompe plus que 10% du batch adverse : la robustesse apprise est en train de disparaitre (voir memoire.md, 2026-09-12).
  Epoch  6/120 | loss 0.1267 | CE propre 0.044 | CE adv 0.292 | attaque   9.8% | val clean 99.30% | val PGD10  0.60% |   0.1 min | reste ~   8 min
           [ALERTE] l'attaque interne ne trompe plus que 10% du batch adverse : la robustesse apprise est en train de disparaitre (voir memoire.md, 2026-09-12).
  Epoch  7/120 | loss 0.1249 | CE propre 0.045 | CE adv 0.284 | attaque   9.7% | val clean 99.40% | val PGD10  0.60% |   0.0 min | reste ~   4 min
           [ALERTE] l'attaque interne ne trompe plus que 10% du batch adverse : la robustesse apprise est en train de disparaitre (voir memoire.md, 2026-09-12).
  Epoch  8/120 | loss 0.1096 | CE propre 0.038 | CE adv 0.253 | attaque   8.5% | val clean 99.60% | val PGD10  0.30% |   0.0 min | reste ~   4 min
           [ALERTE] l'attaque interne ne trompe plus que 9% du batch adverse : la robustesse apprise est en train de disparaitre (voir memoire.md, 2026-09-12).
  Epoch  9/120 | loss 0.1196 | CE propre 0.045 | CE adv 0.270 | attaque   9.2% | val clean 99.30% | val PGD10  0.30% |   0.0 min | reste ~   4 min
           [ALERTE] l'attaque interne ne trompe plus que 9% du batch adverse : la robustesse apprise est en train de disparaitre (voir memoire.md, 2026-09-12).
  Epoch 10/120 | loss 0.1057 | CE propre 0.038 | CE adv 0.240 | attaque   8.2% | val clean 99.40% | val PGD10  0.50% |   0.0 min | reste ~   4 min
           [ALERTE] l'attaque interne ne trompe plus que 8% du batch adverse : la robustesse apprise est en train de disparaitre (voir memoire.md, 2026-09-12).
  Epoch 11/120 | loss 0.1085 | CE propre 0.040 | CE adv 0.245 | attaque   8.3% | val clean 99.40% | val PGD10  0.80% |   0.0 min | reste ~   4 min
           [ALERTE] l'attaque interne ne trompe plus que 8% du batch adverse : la robustesse apprise est en train de disparaitre (voir memoire.md, 2026-09-12).
