====================================================================
  HARDEN TORCH (autograd)
====================================================================
Peripherique : cuda
GPU          : AMD Radeon RX 7800 XT
[DATA] 59000 train / 1000 val / 500 test
[LR] defaut pour pgdat -> lr 0.05
[AUG] rotation=12.0, translation=2, zoom=0.1, bruit_p=0.02, bruit_intensite=(0.5, 1.0), cutout=6, epaisseur=0.3, epaisseur_melange=0.6, prob=0.5
[CONF] attack=apgd-ce steps=20 eps=0.3 loss=pgdat mix=0.5 lr=0.05 clip=1.0 batch=256 epochs=120 augment=True
[MODEL] 421 642 parametres
[WARM] auto -> models/model_weights_full.npz
[WARM] clean test : 98.60%
[OPT] momentum
  [LR] paliers aux epochs [60, 96]
  Epoch  1/120 | loss 1.3966 | CE propre 0.437 | CE adv 3.316 | attaque  91.9% | val clean 99.00% | val PGD10 10.10% |   0.2 min | reste ~  22 min
           -> meilleur modele sauvegarde (val PGD 10.10%)
  Epoch  2/120 | loss 0.9747 | CE propre 0.197 | CE adv 2.530 | attaque  89.1% | val clean 98.80% | val PGD10 11.10% |   0.2 min | reste ~  21 min
           -> meilleur modele sauvegarde (val PGD 11.10%)
  Epoch  3/120 | loss 0.9113 | CE propre 0.139 | CE adv 2.456 | attaque  88.8% | val clean 98.70% | val PGD10 11.40% |   0.2 min | reste ~  20 min
           -> meilleur modele sauvegarde (val PGD 11.40%)
  Epoch  4/120 | loss 0.8765 | CE propre 0.115 | CE adv 2.399 | attaque  89.1% | val clean 98.80% | val PGD10 11.50% |   0.2 min | reste ~  22 min
           -> meilleur modele sauvegarde (val PGD 11.50%)
  Epoch  5/120 | loss 0.8587 | CE propre 0.099 | CE adv 2.379 | attaque  89.1% | val clean 99.40% | val PGD10 11.50% |   0.2 min | reste ~  22 min
  Epoch  6/120 | loss 0.8499 | CE propre 0.093 | CE adv 2.364 | attaque  89.0% | val clean 99.20% | val PGD10 11.60% |   0.2 min | reste ~  20 min
           -> meilleur modele sauvegarde (val PGD 11.60%)
  Epoch  7/120 | loss 0.8346 | CE propre 0.077 | CE adv 2.349 | attaque  88.9% | val clean 99.40% | val PGD10 11.60% |   0.2 min | reste ~  21 min
  Epoch  8/120 | loss 0.8280 | CE propre 0.072 | CE adv 2.339 | attaque  88.8% | val clean 99.50% | val PGD10 11.50% |   0.2 min | reste ~  21 min
  Epoch  9/120 | loss 0.8265 | CE propre 0.071 | CE adv 2.338 | attaque  88.9% | val clean 99.20% | val PGD10 11.60% |   0.2 min | reste ~  20 min
  Epoch 10/120 | loss 0.8254 | CE propre 0.072 | CE adv 2.333 | attaque  88.8% | val clean 99.40% | val PGD10 11.50% |   0.2 min | reste ~  20 min
  Epoch 11/120 | loss 0.8165 | CE propre 0.061 | CE adv 2.328 | attaque  88.7% | val clean 99.50% | val PGD10 11.60% |   0.2 min | reste ~  20 min
  Epoch 12/120 | loss 0.8115 | CE propre 0.056 | CE adv 2.322 | attaque  88.9% | val clean 99.30% | val PGD10 11.60% |   0.2 min | reste ~  20 min
  Epoch 13/120 | loss 0.8111 | CE propre 0.055 | CE adv 2.322 | attaque  88.9% | val clean 99.70% | val PGD10 11.60% |   0.2 min | reste ~  20 min
  Epoch 14/120 | loss 0.8079 | CE propre 0.053 | CE adv 2.317 | attaque  88.8% | val clean 99.30% | val PGD10 11.60% |   0.2 min | reste ~  18 min
  Epoch 15/120 | loss 0.8059 | CE propre 0.049 | CE adv 2.319 | attaque  89.1% | val clean 99.30% | val PGD10 11.60% |   0.2 min | reste ~  19 min
  Epoch 16/120 | loss 0.8048 | CE propre 0.049 | CE adv 2.317 | attaque  88.8% | val clean 99.30% | val PGD10 11.60% |   0.2 min | reste ~  19 min
  Epoch 17/120 | loss 0.8066 | CE propre 0.051 | CE adv 2.318 | attaque  89.0% | val clean 99.50% | val PGD10 11.60% |   0.2 min | reste ~  18 min
  Epoch 18/120 | loss 0.8029 | CE propre 0.047 | CE adv 2.314 | attaque  88.6% | val clean 99.40% | val PGD10 11.60% |   0.2 min | reste ~  19 min
  Epoch 19/120 | loss 0.8014 | CE propre 0.045 | CE adv 2.314 | attaque  88.9% | val clean 99.50% | val PGD10 11.60% |   0.2 min | reste ~  18 min
  Epoch 20/120 | loss 0.8011 | CE propre 0.045 | CE adv 2.314 | attaque  88.6% | val clean 99.70% | val PGD10 11.60% |   0.2 min | reste ~  18 min
  Epoch 21/120 | loss 0.7993 | CE propre 0.043 | CE adv 2.312 | attaque  88.6% | val clean 99.60% | val PGD10 11.60% |   0.2 min | reste ~  18 min
  Epoch 22/120 | loss 0.8009 | CE propre 0.045 | CE adv 2.312 | attaque  88.6% | val clean 99.60% | val PGD10 11.60% |   0.2 min | reste ~  18 min
